// Jest Snapshot v1, https://goo.gl/fbAQLP

exports[`Imperative Secure Tests Imperative Test CLI Secure Tests imperative-test-cli config list should list the configuration 1`] = `""`;

exports[`Imperative Secure Tests Imperative Test CLI Secure Tests imperative-test-cli config list should list the configuration without showing secure values 1`] = `""`;

exports[`Imperative Secure Tests Imperative Test CLI Secure Tests imperative-test-cli config list should list the defaults configuration property 1`] = `""`;

exports[`Imperative Secure Tests Imperative Test CLI Secure Tests imperative-test-cli config list should list the profiles configuration property 1`] = `""`;

exports[`Imperative Secure Tests Imperative Test CLI Secure Tests imperative-test-cli config list should list the root level property names only 1 1`] = `""`;

exports[`Imperative Secure Tests Imperative Test CLI Secure Tests imperative-test-cli config list should list the root level property names only 2 1`] = `""`;

exports[`Imperative Secure Tests Imperative Test CLI Secure Tests imperative-test-cli config profiles should list profiles 1`] = `""`;
